
>>> run_full_demo_clean
[json-runner-log] writing logs/json_runner_run_full_demo_clean_20260826_043819.log
[fsm] release_camera
[depth] stop
[base] stop
[runtime] created clean_camera=True keep_models=True reload_models=False
[flow] can video demo state-machine draft start
[fsm] -> INIT
[camera] starting camera-only mode 320x240 (DepthNet disabled)
[warmup] camera-only frame 1/2 ready
[warmup] camera-only frame 2/2 ready
[depth] started enabled=False
[arm] pose safe_home
[arm] TTLServo connected
[arm] safe_home servo=5 angle=0 speed=85
[arm] safe_home servo=4 angle=0 speed=85
[arm] safe_home servo=3 angle=0 speed=85
[arm] safe_home servo=2 angle=0 speed=85
[arm] safe_home servo=1 angle=-16 speed=85
[base] stop
[fsm] -> SEARCH_CAN
[state] SEARCH_CAN
[can] backend=tensorrt_tfod raw=True confidence=0.586 class_id=1 center=(35.8,129.7) error_x=-0.388 bbox=[26.740031242370605, 109.56872463226318, 44.8469352722168, 149.73494052886963]
[can] found confidence=0.586 bbox=[26.740031242370605, 109.56872463226318, 44.8469352722168, 149.73494052886963]
[base] stop
[fsm] -> ALIGN_CAN
[state] ALIGN_CAN
[align] can mode=target_direction tolerance=0.150 max_steps=1000 turn_speed=0.130 pulse=0.080
[can] backend=tensorrt_tfod raw=True confidence=0.589 class_id=1 center=(36.1,127.4) error_x=-0.387 bbox=[26.31044864654541, 106.99928283691406, 45.895371437072754, 147.8309154510498]
[align] can step=1 error_x=-0.387
[align] can target_side=left turn=left abs_error=0.387
[base] Robot connected
[base] align_can direction=left speed=0.13 seconds=0.08
[can] backend=tensorrt_tfod raw=True confidence=0.608 class_id=1 center=(36.1,127.5) error_x=-0.387 bbox=[26.237154006958008, 106.92375183105469, 45.955281257629395, 147.99997329711914]
[align] can step=2 error_x=-0.387
[align] can target_side=left turn=left abs_error=0.387
[base] align_can direction=left speed=0.13 seconds=0.08
[can] backend=tensorrt_tfod raw=True confidence=0.558 class_id=1 center=(36.0,127.4) error_x=-0.387 bbox=[25.999412536621094, 107.08733081817627, 46.03238582611084, 147.66541957855225]
[align] can step=3 error_x=-0.387
[align] can target_side=left turn=left abs_error=0.387
[base] align_can direction=left speed=0.13 seconds=0.08
[can] backend=tensorrt_tfod raw=True confidence=0.613 class_id=1 center=(35.9,129.6) error_x=-0.388 bbox=[26.98796272277832, 109.65167999267578, 44.777679443359375, 149.60494995117188]
[align] can step=4 error_x=-0.388
[align] can target_side=left turn=left abs_error=0.388
[base] align_can direction=left speed=0.13 seconds=0.08
[can] backend=tensorrt_tfod raw=True confidence=0.617 class_id=1 center=(37.2,129.6) error_x=-0.384 bbox=[28.27993631362915, 109.77410316467285, 46.16344928741455, 149.38010215759277]
[align] can step=5 error_x=-0.384
[align] can target_side=left turn=left abs_error=0.384
[base] align_can direction=left speed=0.13 seconds=0.08
[can] backend=tensorrt_tfod raw=True confidence=0.696 class_id=1 center=(37.7,128.3) error_x=-0.382 bbox=[28.207616806030273, 107.4191951751709, 47.25843906402588, 149.24506187438965]
[align] can step=6 error_x=-0.382
[align] can target_side=left turn=left abs_error=0.382
[base] align_can direction=left speed=0.13 seconds=0.08
[can] backend=tensorrt_tfod raw=True confidence=0.653 class_id=1 center=(38.6,128.1) error_x=-0.379 bbox=[29.265379905700684, 106.73759937286377, 47.876219749450684, 149.48119640350342]
[align] can step=7 error_x=-0.379
[align] can target_side=left turn=left abs_error=0.379
[base] align_can direction=left speed=0.13 seconds=0.08
[can] backend=tensorrt_tfod raw=True confidence=0.659 class_id=1 center=(39.7,128.9) error_x=-0.376 bbox=[30.614454746246338, 109.13902044296265, 48.79293441772461, 148.6466360092163]
[align] can step=8 error_x=-0.376
[align] can target_side=left turn=left abs_error=0.376
[base] align_can direction=left speed=0.13 seconds=0.08
[can] backend=tensorrt_tfod raw=True confidence=0.745 class_id=1 center=(40.0,128.5) error_x=-0.375 bbox=[30.65941095352173, 106.97202444076538, 49.3649959564209, 150.12049198150635]
[align] can step=9 error_x=-0.375
[align] can target_side=left turn=left abs_error=0.375
[base] align_can direction=left speed=0.13 seconds=0.08
[can] backend=tensorrt_tfod raw=True confidence=0.742 class_id=1 center=(41.0,128.3) error_x=-0.372 bbox=[31.30885124206543, 106.62570476531982, 50.726318359375, 149.9031686782837]
[align] can step=10 error_x=-0.372
[align] can target_side=left turn=left abs_error=0.372
[base] align_can direction=left speed=0.13 seconds=0.08
[can] backend=tensorrt_tfod raw=True confidence=0.750 class_id=1 center=(41.5,128.0) error_x=-0.370 bbox=[31.57233715057373, 106.20383262634277, 51.4575719833374, 149.8052215576172]
[align] can step=11 error_x=-0.370
[align] can target_side=left turn=left abs_error=0.370
[base] align_can direction=left speed=0.13 seconds=0.08
[can] backend=tensorrt_tfod raw=True confidence=0.810 class_id=1 center=(42.4,128.0) error_x=-0.368 bbox=[32.7176570892334, 105.6088399887085, 51.99183464050293, 150.42041301727295]
[align] can step=12 error_x=-0.368
[align] can target_side=left turn=left abs_error=0.368
[base] align_can direction=left speed=0.13 seconds=0.08
[can] backend=tensorrt_tfod raw=True confidence=0.719 class_id=1 center=(43.0,127.6) error_x=-0.366 bbox=[33.51977586746216, 106.19692325592041, 52.50523567199707, 148.91128063201904]
[align] can step=13 error_x=-0.366
[align] can target_side=left turn=left abs_error=0.366
[base] align_can direction=left speed=0.13 seconds=0.08
[can] backend=tensorrt_tfod raw=True confidence=0.716 class_id=1 center=(44.6,127.5) error_x=-0.361 bbox=[35.11553764343262, 105.16156196594238, 54.07331466674805, 149.75621223449707]
[align] can step=14 error_x=-0.361
[align] can target_side=left turn=left abs_error=0.361
[base] align_can direction=left speed=0.13 seconds=0.08
[can] backend=tensorrt_tfod raw=True confidence=0.739 class_id=1 center=(45.7,127.7) error_x=-0.357 bbox=[36.22801065444946, 106.34413003921509, 55.08255958557129, 149.01984214782715]
[align] can step=15 error_x=-0.357
[align] can target_side=left turn=left abs_error=0.357
[base] align_can direction=left speed=0.13 seconds=0.08
[can] backend=tensorrt_tfod raw=True confidence=0.786 class_id=1 center=(47.4,127.6) error_x=-0.352 bbox=[38.43050241470337, 105.36852836608887, 56.41523361206055, 149.87431526184082]
[align] can step=16 error_x=-0.352
[align] can target_side=left turn=left abs_error=0.352
[base] align_can direction=left speed=0.13 seconds=0.08
[can] backend=tensorrt_tfod raw=True confidence=0.760 class_id=1 center=(48.4,127.7) error_x=-0.349 bbox=[39.71824645996094, 106.01727247238159, 57.03448295593262, 149.41434860229492]
[align] can step=17 error_x=-0.349
[align] can target_side=left turn=left abs_error=0.349
[base] align_can direction=left speed=0.13 seconds=0.08
[can] backend=tensorrt_tfod raw=True confidence=0.690 class_id=1 center=(52.3,126.8) error_x=-0.337 bbox=[41.856937408447266, 105.32373905181885, 62.65470504760742, 148.24909687042236]
[align] can step=18 error_x=-0.337
[align] can target_side=left turn=left abs_error=0.337
[base] align_can direction=left speed=0.13 seconds=0.08
[can] backend=tensorrt_tfod raw=True confidence=0.746 class_id=1 center=(53.0,126.5) error_x=-0.334 bbox=[42.72549629211426, 104.90931987762451, 63.322792053222656, 148.17265033721924]
[align] can step=19 error_x=-0.334
[align] can target_side=left turn=left abs_error=0.334
[base] align_can direction=left speed=0.13 seconds=0.08
[can] backend=tensorrt_tfod raw=True confidence=0.788 class_id=1 center=(53.2,126.6) error_x=-0.334 bbox=[43.39247703552246, 104.86483097076416, 62.99417495727539, 148.32651615142822]
[align] can step=20 error_x=-0.334
[align] can target_side=left turn=left abs_error=0.334
[base] align_can direction=left speed=0.13 seconds=0.08
[can] backend=tensorrt_tfod raw=True confidence=0.787 class_id=1 center=(53.7,126.9) error_x=-0.332 bbox=[43.86841297149658, 104.67699766159058, 63.56739521026611, 149.03401851654053]
[align] can step=21 error_x=-0.332
[align] can target_side=left turn=left abs_error=0.332
[base] align_can direction=left speed=0.13 seconds=0.08
[can] backend=tensorrt_tfod raw=True confidence=0.806 class_id=1 center=(54.4,126.8) error_x=-0.330 bbox=[44.791669845581055, 105.06070375442505, 63.92535209655762, 148.46872329711914]
[align] can step=22 error_x=-0.330
[align] can target_side=left turn=left abs_error=0.330
[base] align_can direction=left speed=0.13 seconds=0.08
[can] backend=tensorrt_tfod raw=True confidence=0.802 class_id=1 center=(55.9,126.6) error_x=-0.325 bbox=[46.57989025115967, 105.0904369354248, 65.29208660125732, 148.1638240814209]
[align] can step=23 error_x=-0.325
[align] can target_side=left turn=left abs_error=0.325
[base] align_can direction=left speed=0.13 seconds=0.08
[can] backend=tensorrt_tfod raw=True confidence=0.829 class_id=1 center=(56.9,126.6) error_x=-0.322 bbox=[47.554521560668945, 104.90987777709961, 66.19095802307129, 148.34650039672852]
[align] can step=24 error_x=-0.322
[align] can target_side=left turn=left abs_error=0.322
[base] align_can direction=left speed=0.13 seconds=0.08
[can] backend=tensorrt_tfod raw=True confidence=0.800 class_id=1 center=(58.9,127.2) error_x=-0.316 bbox=[48.65588188171387, 104.84243631362915, 69.16871070861816, 149.56964492797852]
[align] can step=25 error_x=-0.316
[align] can target_side=left turn=left abs_error=0.316
[base] align_can direction=left speed=0.13 seconds=0.08
[can] backend=tensorrt_tfod raw=True confidence=0.805 class_id=1 center=(59.2,126.4) error_x=-0.315 bbox=[49.71311569213867, 105.15405893325806, 68.67293357849121, 147.55964756011963]
[align] can step=26 error_x=-0.315
[align] can target_side=left turn=left abs_error=0.315
[base] align_can direction=left speed=0.13 seconds=0.08
[can] backend=tensorrt_tfod raw=True confidence=0.836 class_id=1 center=(60.4,126.7) error_x=-0.311 bbox=[50.535969734191895, 104.32836771011353, 70.347580909729, 149.11552906036377]
[align] can step=27 error_x=-0.311
[align] can target_side=left turn=left abs_error=0.311
[base] align_can direction=left speed=0.13 seconds=0.08
[can] backend=tensorrt_tfod raw=True confidence=0.758 class_id=1 center=(62.0,126.6) error_x=-0.306 bbox=[52.21897602081299, 104.60007190704346, 71.83977603912354, 148.55825901031494]
[align] can step=28 error_x=-0.306
[align] can target_side=left turn=left abs_error=0.306
[base] align_can direction=left speed=0.13 seconds=0.08
[can] backend=tensorrt_tfod raw=True confidence=0.778 class_id=1 center=(63.0,126.7) error_x=-0.303 bbox=[53.04764747619629, 105.18285512924194, 72.90428161621094, 148.1645679473877]
[align] can step=29 error_x=-0.303
[align] can target_side=left turn=left abs_error=0.303
[base] align_can direction=left speed=0.13 seconds=0.08
[can] backend=tensorrt_tfod raw=True confidence=0.819 class_id=1 center=(64.5,127.0) error_x=-0.298 bbox=[54.96039390563965, 104.12514925003052, 74.12905693054199, 149.96383666992188]
[align] can step=30 error_x=-0.298
[align] can target_side=left turn=left abs_error=0.298
[base] align_can direction=left speed=0.13 seconds=0.08
[can] backend=tensorrt_tfod raw=True confidence=0.718 class_id=1 center=(65.9,126.3) error_x=-0.294 bbox=[56.39647960662842, 104.27044630050659, 75.37249088287354, 148.25114250183105]
[align] can step=31 error_x=-0.294
[align] can target_side=left turn=left abs_error=0.294
[base] align_can direction=left speed=0.13 seconds=0.08
[can] backend=tensorrt_tfod raw=True confidence=0.612 class_id=1 center=(66.4,126.0) error_x=-0.292 bbox=[56.72621726989746, 104.57964420318604, 76.14303588867188, 147.4718141555786]
[align] can step=32 error_x=-0.292
[align] can target_side=left turn=left abs_error=0.292
[base] align_can direction=left speed=0.13 seconds=0.08
[can] backend=tensorrt_tfod raw=True confidence=0.666 class_id=1 center=(68.5,125.2) error_x=-0.286 bbox=[58.40415954589844, 104.02050018310547, 78.6040210723877, 146.44572257995605]
[align] can step=33 error_x=-0.286
[align] can target_side=left turn=left abs_error=0.286
[base] align_can direction=left speed=0.13 seconds=0.08
[can] backend=tensorrt_tfod raw=True confidence=0.777 class_id=1 center=(69.1,125.6) error_x=-0.284 bbox=[59.24553394317627, 103.65220069885254, 78.93002033233643, 147.56458282470703]
[align] can step=34 error_x=-0.284
[align] can target_side=left turn=left abs_error=0.284
[base] align_can direction=left speed=0.13 seconds=0.08
[can] backend=tensorrt_tfod raw=True confidence=0.804 class_id=1 center=(69.8,125.6) error_x=-0.282 bbox=[60.12184143066406, 103.66162776947021, 79.4179630279541, 147.49364376068115]
[align] can step=35 error_x=-0.282
[align] can target_side=left turn=left abs_error=0.282
[base] align_can direction=left speed=0.13 seconds=0.08
[can] backend=tensorrt_tfod raw=True confidence=0.776 class_id=1 center=(70.9,125.6) error_x=-0.278 bbox=[61.23265743255615, 104.11725997924805, 80.53711891174316, 147.1069049835205]
[align] can step=36 error_x=-0.278
[align] can target_side=left turn=left abs_error=0.278
[base] align_can direction=left speed=0.13 seconds=0.08
[can] backend=tensorrt_tfod raw=True confidence=0.848 class_id=1 center=(71.9,125.3) error_x=-0.275 bbox=[62.37100124359131, 104.11897659301758, 81.36216163635254, 146.51352882385254]
[align] can step=37 error_x=-0.275
[align] can target_side=left turn=left abs_error=0.275
[base] align_can direction=left speed=0.13 seconds=0.08
[can] backend=tensorrt_tfod raw=True confidence=0.811 class_id=1 center=(73.6,125.8) error_x=-0.270 bbox=[64.04908657073975, 104.09924983978271, 83.14437866210938, 147.4223756790161]
[align] can step=38 error_x=-0.270
[align] can target_side=left turn=left abs_error=0.270
[base] align_can direction=left speed=0.13 seconds=0.08
[can] backend=tensorrt_tfod raw=True confidence=0.796 class_id=1 center=(74.6,125.4) error_x=-0.267 bbox=[64.54493045806885, 104.09555196762085, 84.556884765625, 146.64273262023926]
[align] can step=39 error_x=-0.267
[align] can target_side=left turn=left abs_error=0.267
[base] align_can direction=left speed=0.13 seconds=0.08
[can] backend=tensorrt_tfod raw=True confidence=0.835 class_id=1 center=(75.9,125.1) error_x=-0.263 bbox=[65.71881294250488, 103.43563556671143, 86.11091613769531, 146.7126989364624]
[align] can step=40 error_x=-0.263
[align] can target_side=left turn=left abs_error=0.263
[base] align_can direction=left speed=0.13 seconds=0.08
[can] backend=tensorrt_tfod raw=True confidence=0.853 class_id=1 center=(76.5,124.5) error_x=-0.261 bbox=[66.19693756103516, 103.25107097625732, 86.78942680358887, 145.82366466522217]
[align] can step=41 error_x=-0.261
[align] can target_side=left turn=left abs_error=0.261
[base] align_can direction=left speed=0.13 seconds=0.08
[can] backend=tensorrt_tfod raw=True confidence=0.842 class_id=1 center=(78.3,125.0) error_x=-0.255 bbox=[68.62616539001465, 102.89082527160645, 88.00304412841797, 147.06378936767578]
[align] can step=42 error_x=-0.255
[align] can target_side=left turn=left abs_error=0.255
[base] align_can direction=left speed=0.13 seconds=0.08
[can] backend=tensorrt_tfod raw=True confidence=0.851 class_id=1 center=(79.3,124.8) error_x=-0.252 bbox=[69.1801929473877, 102.69684791564941, 89.48221206665039, 146.8550205230713]
[align] can step=43 error_x=-0.252
[align] can target_side=left turn=left abs_error=0.252
[base] align_can direction=left speed=0.13 seconds=0.08
[can] backend=tensorrt_tfod raw=True confidence=0.843 class_id=1 center=(80.5,124.9) error_x=-0.248 bbox=[70.710129737854, 103.33371162414551, 90.26938438415527, 146.49038314819336]
[align] can step=44 error_x=-0.248
[align] can target_side=left turn=left abs_error=0.248
[base] align_can direction=left speed=0.13 seconds=0.08
[can] backend=tensorrt_tfod raw=True confidence=0.853 class_id=1 center=(81.2,125.0) error_x=-0.246 bbox=[71.73336505889893, 103.14472675323486, 90.73486328125, 146.87818050384521]
[align] can step=45 error_x=-0.246
[align] can target_side=left turn=left abs_error=0.246
[base] align_can direction=left speed=0.13 seconds=0.08
[can] backend=tensorrt_tfod raw=True confidence=0.863 class_id=1 center=(82.0,124.6) error_x=-0.244 bbox=[72.78266906738281, 102.84088611602783, 91.2483024597168, 146.4032793045044]
[align] can step=46 error_x=-0.244
[align] can target_side=left turn=left abs_error=0.244
[base] align_can direction=left speed=0.13 seconds=0.08
[can] backend=tensorrt_tfod raw=True confidence=0.840 class_id=1 center=(83.2,124.8) error_x=-0.240 bbox=[74.44216728210449, 103.09455871582031, 92.04619407653809, 146.50880813598633]
[align] can step=47 error_x=-0.240
[align] can target_side=left turn=left abs_error=0.240
[base] align_can direction=left speed=0.13 seconds=0.08
[can] backend=tensorrt_tfod raw=True confidence=0.742 class_id=1 center=(84.4,124.3) error_x=-0.236 bbox=[74.69414710998535, 102.88528203964233, 94.16529655456543, 145.7742691040039]
[align] can step=48 error_x=-0.236
[align] can target_side=left turn=left abs_error=0.236
[base] align_can direction=left speed=0.13 seconds=0.08
[can] backend=tensorrt_tfod raw=True confidence=0.762 class_id=1 center=(84.8,124.3) error_x=-0.235 bbox=[75.12712955474854, 103.35078477859497, 94.48846817016602, 145.29829502105713]
[align] can step=49 error_x=-0.235
[align] can target_side=left turn=left abs_error=0.235
[base] align_can direction=left speed=0.13 seconds=0.08
[can] backend=tensorrt_tfod raw=True confidence=0.811 class_id=1 center=(85.4,124.3) error_x=-0.233 bbox=[76.0059928894043, 103.1709623336792, 94.84647750854492, 145.51719188690186]
[align] can step=50 error_x=-0.233
[align] can target_side=left turn=left abs_error=0.233
[base] align_can direction=left speed=0.13 seconds=0.08
[can] backend=tensorrt_tfod raw=True confidence=0.832 class_id=1 center=(86.5,124.2) error_x=-0.230 bbox=[77.48246192932129, 102.1904969215393, 95.57034492492676, 146.21094703674316]
[align] can step=51 error_x=-0.230
[align] can target_side=left turn=left abs_error=0.230
[base] align_can direction=left speed=0.13 seconds=0.08
[can] backend=tensorrt_tfod raw=True confidence=0.842 class_id=1 center=(87.8,124.5) error_x=-0.226 bbox=[78.66844654083252, 102.38741397857666, 96.95987701416016, 146.5776014328003]
[align] can step=52 error_x=-0.226
[align] can target_side=left turn=left abs_error=0.226
[base] align_can direction=left speed=0.13 seconds=0.08
[can] backend=tensorrt_tfod raw=True confidence=0.835 class_id=1 center=(88.7,124.1) error_x=-0.223 bbox=[79.6485185623169, 102.05625057220459, 97.81410217285156, 146.1820363998413]
[align] can step=53 error_x=-0.223
[align] can target_side=left turn=left abs_error=0.223
[base] align_can direction=left speed=0.13 seconds=0.08
[can] backend=tensorrt_tfod raw=True confidence=0.872 class_id=1 center=(89.9,123.3) error_x=-0.219 bbox=[81.17755889892578, 102.73728847503662, 98.55165481567383, 143.8910722732544]
[align] can step=54 error_x=-0.219
[align] can target_side=left turn=left abs_error=0.219
[base] align_can direction=left speed=0.13 seconds=0.08
[can] backend=tensorrt_tfod raw=True confidence=0.815 class_id=1 center=(91.7,123.4) error_x=-0.213 bbox=[81.96449279785156, 103.10061693191528, 101.44935607910156, 143.7081241607666]
[align] can step=55 error_x=-0.213
[align] can target_side=left turn=left abs_error=0.213
[base] align_can direction=left speed=0.13 seconds=0.08
[can] backend=tensorrt_tfod raw=True confidence=0.836 class_id=1 center=(92.9,123.3) error_x=-0.210 bbox=[82.78685569763184, 101.98572635650635, 102.92536735534668, 144.62174892425537]
[align] can step=56 error_x=-0.210
[align] can target_side=left turn=left abs_error=0.210
[base] align_can direction=left speed=0.13 seconds=0.08
[can] backend=tensorrt_tfod raw=True confidence=0.865 class_id=1 center=(94.5,123.1) error_x=-0.205 bbox=[84.79226112365723, 101.62171125411987, 104.11595344543457, 144.55567359924316]
[align] can step=57 error_x=-0.205
[align] can target_side=left turn=left abs_error=0.205
[base] align_can direction=left speed=0.13 seconds=0.08
[can] backend=tensorrt_tfod raw=True confidence=0.819 class_id=1 center=(96.0,123.1) error_x=-0.200 bbox=[86.08092308044434, 102.31714725494385, 105.98086357116699, 143.87362003326416]
[align] can step=58 error_x=-0.200
[align] can target_side=left turn=left abs_error=0.200
[base] align_can direction=left speed=0.13 seconds=0.08
[can] backend=tensorrt_tfod raw=True confidence=0.813 class_id=1 center=(97.5,123.1) error_x=-0.195 bbox=[87.73488998413086, 102.3171615600586, 107.27819442749023, 143.9348030090332]
[align] can step=59 error_x=-0.195
[align] can target_side=left turn=left abs_error=0.195
[base] align_can direction=left speed=0.13 seconds=0.08
[can] backend=tensorrt_tfod raw=True confidence=0.842 class_id=1 center=(98.8,123.5) error_x=-0.191 bbox=[89.49912071228027, 101.27601385116577, 108.18694114685059, 145.79938888549805]
[align] can step=60 error_x=-0.191
[align] can target_side=left turn=left abs_error=0.191
[base] align_can direction=left speed=0.13 seconds=0.08
[can] backend=tensorrt_tfod raw=True confidence=0.859 class_id=1 center=(99.4,123.0) error_x=-0.189 bbox=[90.37983894348145, 101.1689829826355, 108.48563194274902, 144.78876113891602]
[align] can step=61 error_x=-0.189
[align] can target_side=left turn=left abs_error=0.189
[base] align_can direction=left speed=0.13 seconds=0.08
[can] backend=tensorrt_tfod raw=True confidence=0.769 class_id=1 center=(100.9,123.3) error_x=-0.185 bbox=[91.61876678466797, 101.45260334014893, 110.2790641784668, 145.09902477264404]
[align] can step=62 error_x=-0.185
[align] can target_side=left turn=left abs_error=0.185
[base] align_can direction=left speed=0.13 seconds=0.08
[can] backend=tensorrt_tfod raw=True confidence=0.743 class_id=1 center=(101.2,123.0) error_x=-0.184 bbox=[91.79658889770508, 101.6417670249939, 110.59867858886719, 144.44990158081055]
[align] can step=63 error_x=-0.184
[align] can target_side=left turn=left abs_error=0.184
[base] align_can direction=left speed=0.13 seconds=0.08
[can] backend=tensorrt_tfod raw=True confidence=0.655 class_id=1 center=(101.9,123.5) error_x=-0.182 bbox=[91.81534767150879, 102.94897556304932, 111.92002296447754, 144.0613603591919]
[align] can step=64 error_x=-0.182
[align] can target_side=left turn=left abs_error=0.182
[base] align_can direction=left speed=0.13 seconds=0.08
[can] backend=tensorrt_tfod raw=True confidence=0.771 class_id=1 center=(102.1,123.3) error_x=-0.181 bbox=[92.44651794433594, 102.02881336212158, 111.82037353515625, 144.47906970977783]
[align] can step=65 error_x=-0.181
[align] can target_side=left turn=left abs_error=0.181
[base] align_can direction=left speed=0.13 seconds=0.08
[can] backend=tensorrt_tfod raw=True confidence=0.795 class_id=1 center=(103.1,123.2) error_x=-0.178 bbox=[93.38621139526367, 101.57328844070435, 112.82798767089844, 144.8232936859131]
[align] can step=66 error_x=-0.178
[align] can target_side=left turn=left abs_error=0.178
[base] align_can direction=left speed=0.13 seconds=0.08
[can] backend=tensorrt_tfod raw=True confidence=0.804 class_id=1 center=(104.9,122.5) error_x=-0.172 bbox=[95.13425827026367, 100.93381404876709, 114.70888137817383, 144.03289318084717]
[align] can step=67 error_x=-0.172
[align] can target_side=left turn=left abs_error=0.172
[base] align_can direction=left speed=0.13 seconds=0.08
[can] backend=tensorrt_tfod raw=True confidence=0.836 class_id=1 center=(106.2,122.4) error_x=-0.168 bbox=[96.85457229614258, 101.49895906448364, 115.45328140258789, 143.35450172424316]
[align] can step=68 error_x=-0.168
[align] can target_side=left turn=left abs_error=0.168
[base] align_can direction=left speed=0.13 seconds=0.08
[can] backend=tensorrt_tfod raw=True confidence=0.861 class_id=1 center=(107.2,122.3) error_x=-0.165 bbox=[97.52386093139648, 100.6500792503357, 116.90067291259766, 143.92189979553223]
[align] can step=69 error_x=-0.165
[align] can target_side=left turn=left abs_error=0.165
[base] align_can direction=left speed=0.13 seconds=0.08
[can] backend=tensorrt_tfod raw=True confidence=0.842 class_id=1 center=(110.1,122.4) error_x=-0.156 bbox=[99.80454444885254, 100.52334308624268, 120.48861503601074, 144.19044971466064]
[align] can step=70 error_x=-0.156
[align] can target_side=left turn=left abs_error=0.156
[base] align_can direction=left speed=0.13 seconds=0.08
[can] backend=tensorrt_tfod raw=True confidence=0.838 class_id=1 center=(111.2,122.7) error_x=-0.152 bbox=[101.00725173950195, 101.11829996109009, 121.42885208129883, 144.25409317016602]
[align] can step=71 error_x=-0.152
[align] can target_side=left turn=left abs_error=0.152
[base] align_can direction=left speed=0.13 seconds=0.08
[can] backend=tensorrt_tfod raw=True confidence=0.856 class_id=1 center=(112.6,122.3) error_x=-0.148 bbox=[102.2354793548584, 100.76175928115845, 122.87453651428223, 143.8421630859375]
[align] can step=72 error_x=-0.148
[base] stop
[align] can centered
[fsm] -> APPROACH_CAN
[state] APPROACH_CAN
[approach:can] mode=visual_size depth_scale=1.000 stop_depth=2.050 visual_metric=bbox_height_norm visual_stop=0.400 min_pulses=0 fixed_pulses=3 max_pulses=500 smooth_enabled=False smooth_trigger=2.200 center_depth=False
[can] backend=tensorrt_tfod raw=True confidence=0.832 class_id=1 center=(113.3,122.2) error_x=-0.146 bbox=[102.7297306060791, 101.13900661468506, 123.77955436706543, 143.28522205352783]
[approach:can] pulse=0 can_bbox_height_norm=0.176 threshold=0.400
[base] approach_can direction=forward speed=0.5 seconds=0.6
[can] backend=tensorrt_tfod raw=True confidence=0.825 class_id=1 center=(111.6,123.6) error_x=-0.151 bbox=[101.05111122131348, 100.86718082427979, 122.17654228210449, 146.42968654632568]
[approach:can] pulse=1 can_bbox_height_norm=0.190 threshold=0.400
[base] approach_can direction=forward speed=0.5 seconds=0.6
[can] backend=tensorrt_tfod raw=True confidence=0.764 class_id=1 center=(109.9,124.9) error_x=-0.157 bbox=[98.68075370788574, 100.41231393814087, 121.03446006774902, 149.38665390014648]
[approach:can] pulse=2 can_bbox_height_norm=0.204 threshold=0.400
[base] approach_can direction=forward speed=0.5 seconds=0.6
[can] backend=tensorrt_tfod raw=True confidence=0.639 class_id=1 center=(107.2,125.6) error_x=-0.165 bbox=[95.78252792358398, 102.05273151397705, 118.69049072265625, 149.10545825958252]
[approach:can] pulse=3 can_bbox_height_norm=0.196 threshold=0.400
[base] approach_can direction=forward speed=0.5 seconds=0.6
[can] backend=tensorrt_tfod raw=True confidence=0.771 class_id=1 center=(103.8,128.4) error_x=-0.176 bbox=[90.66974639892578, 99.74410057067871, 116.91375732421875, 157.02009201049805]
[approach:can] pulse=4 can_bbox_height_norm=0.239 threshold=0.400
[base] approach_can direction=forward speed=0.5 seconds=0.6
[can] backend=tensorrt_tfod raw=True confidence=0.913 class_id=1 center=(101.5,131.8) error_x=-0.183 bbox=[87.0255184173584, 100.6609582901001, 116.01841926574707, 162.86649227142334]
[approach:can] pulse=5 can_bbox_height_norm=0.259 threshold=0.400
[base] approach_can direction=forward speed=0.5 seconds=0.6
[can] backend=tensorrt_tfod raw=True confidence=0.942 class_id=1 center=(93.6,134.3) error_x=-0.207 bbox=[78.2014513015747, 100.56429862976074, 109.0789794921875, 168.00287246704102]
[approach:can] pulse=6 can_bbox_height_norm=0.281 threshold=0.400
[base] approach_can direction=forward speed=0.5 seconds=0.6
[can] backend=tensorrt_tfod raw=True confidence=0.919 class_id=1 center=(85.2,136.9) error_x=-0.234 bbox=[65.93652248382568, 96.4486813545227, 104.43605422973633, 177.37472534179688]
[approach:can] pulse=7 can_bbox_height_norm=0.337 threshold=0.400
[base] approach_can direction=forward speed=0.5 seconds=0.6
[can] backend=tensorrt_tfod raw=True confidence=0.929 class_id=1 center=(76.5,143.6) error_x=-0.261 bbox=[54.59510803222656, 96.052565574646, 98.47760200500488, 191.17665767669678]
[approach:can] pulse=8 can_bbox_height_norm=0.396 threshold=0.400
[base] approach_can direction=forward speed=0.5 seconds=0.6
[can] backend=tensorrt_tfod raw=True confidence=0.714 class_id=1 center=(55.5,152.9) error_x=-0.327 bbox=[21.55656099319458, 91.89192295074463, 89.45818901062012, 213.97775173187256]
[approach:can] pulse=9 can_bbox_height_norm=0.509 threshold=0.400
[base] stop
[approach:can] visual-size stop reached pulses=9 can_bbox_height_norm=0.509 threshold=0.400
[fsm] -> ALIGN_CAN_NEAR
[state] ALIGN_CAN_NEAR
[align] can_near mode=target_direction tolerance=0.050 max_steps=500 turn_speed=0.200 pulse=0.150
[can] backend=tensorrt_tfod raw=True confidence=0.836 class_id=1 center=(58.8,148.6) error_x=-0.316 bbox=[27.17082977294922, 90.22926092147827, 90.39257049560547, 206.9428253173828]
[align] can_near step=1 error_x=-0.316
[align] can_near target_side=left turn=left abs_error=0.316
[base] align_can_near direction=left speed=0.2 seconds=0.15
[can] backend=tensorrt_tfod raw=True confidence=0.727 class_id=1 center=(60.4,149.5) error_x=-0.311 bbox=[27.8635573387146, 89.38711166381836, 92.83660888671875, 209.66039657592773]
[align] can_near step=2 error_x=-0.311
[align] can_near target_side=left turn=left abs_error=0.311
[base] align_can_near direction=left speed=0.2 seconds=0.15
[can] backend=tensorrt_tfod raw=True confidence=0.753 class_id=1 center=(69.3,149.5) error_x=-0.283 bbox=[39.3782114982605, 93.28152894973755, 99.2914867401123, 205.65922737121582]
[align] can_near step=3 error_x=-0.283
[align] can_near target_side=left turn=left abs_error=0.283
[base] align_can_near direction=left speed=0.2 seconds=0.15
[can] backend=tensorrt_tfod raw=True confidence=0.848 class_id=1 center=(71.4,147.0) error_x=-0.277 bbox=[43.4114408493042, 92.5749921798706, 99.36431884765625, 201.35680675506592]
[align] can_near step=4 error_x=-0.277
[align] can_near target_side=left turn=left abs_error=0.277
[base] align_can_near direction=left speed=0.2 seconds=0.15
[can] backend=tensorrt_tfod raw=True confidence=0.879 class_id=1 center=(80.0,148.2) error_x=-0.250 bbox=[51.59463882446289, 91.64880752563477, 108.32535743713379, 204.76810455322266]
[align] can_near step=5 error_x=-0.250
[align] can_near target_side=left turn=left abs_error=0.250
[base] align_can_near direction=left speed=0.2 seconds=0.15
[can] backend=tensorrt_tfod raw=True confidence=0.918 class_id=1 center=(87.0,149.2) error_x=-0.228 bbox=[58.38732719421387, 91.11682891845703, 115.68171501159668, 207.27055549621582]
[align] can_near step=6 error_x=-0.228
[align] can_near target_side=left turn=left abs_error=0.228
[base] align_can_near direction=left speed=0.2 seconds=0.15
[can] backend=tensorrt_tfod raw=True confidence=0.862 class_id=1 center=(89.7,147.6) error_x=-0.220 bbox=[59.06710147857666, 90.05960941314697, 120.41015625, 205.1472043991089]
[align] can_near step=7 error_x=-0.220
[align] can_near target_side=left turn=left abs_error=0.220
[base] align_can_near direction=left speed=0.2 seconds=0.15
[can] backend=tensorrt_tfod raw=True confidence=0.812 class_id=1 center=(100.5,146.1) error_x=-0.186 bbox=[71.92645072937012, 88.70920658111572, 129.1562557220459, 203.49785327911377]
[align] can_near step=8 error_x=-0.186
[align] can_near target_side=left turn=left abs_error=0.186
[base] align_can_near direction=left speed=0.2 seconds=0.15
[can] backend=tensorrt_tfod raw=True confidence=0.882 class_id=1 center=(103.6,146.8) error_x=-0.176 bbox=[74.8439884185791, 88.50079536437988, 132.28846549987793, 205.12553215026855]
[align] can_near step=9 error_x=-0.176
[align] can_near target_side=left turn=left abs_error=0.176
[base] align_can_near direction=left speed=0.2 seconds=0.15
[can] backend=tensorrt_tfod raw=True confidence=0.904 class_id=1 center=(112.3,145.9) error_x=-0.149 bbox=[83.91988754272461, 89.26573991775513, 140.68113327026367, 202.54663467407227]
[align] can_near step=10 error_x=-0.149
[align] can_near target_side=left turn=left abs_error=0.149
[base] align_can_near direction=left speed=0.2 seconds=0.15
[can] backend=tensorrt_tfod raw=True confidence=0.896 class_id=1 center=(119.2,147.8) error_x=-0.128 bbox=[90.81822395324707, 91.2170934677124, 147.5138759613037, 204.29047107696533]
[align] can_near step=11 error_x=-0.128
[align] can_near target_side=left turn=left abs_error=0.128
[base] align_can_near direction=left speed=0.2 seconds=0.15
[can] backend=tensorrt_tfod raw=True confidence=0.796 class_id=1 center=(123.5,145.2) error_x=-0.114 bbox=[92.59586334228516, 88.32570791244507, 154.31812286376953, 202.01614379882812]
[align] can_near step=12 error_x=-0.114
[align] can_near target_side=left turn=left abs_error=0.114
[base] align_can_near direction=left speed=0.2 seconds=0.15
[can] backend=tensorrt_tfod raw=True confidence=0.832 class_id=1 center=(132.6,143.7) error_x=-0.086 bbox=[104.25361633300781, 85.73490142822266, 160.94831466674805, 201.65691375732422]
[align] can_near step=13 error_x=-0.086
[align] can_near target_side=left turn=left abs_error=0.086
[base] align_can_near direction=left speed=0.2 seconds=0.15
[can] backend=tensorrt_tfod raw=True confidence=0.891 class_id=1 center=(138.1,146.9) error_x=-0.069 bbox=[109.41593170166016, 91.68962001800537, 166.68861389160156, 202.03298091888428]
[align] can_near step=14 error_x=-0.069
[align] can_near target_side=left turn=left abs_error=0.069
[base] align_can_near direction=left speed=0.2 seconds=0.15
[can] backend=tensorrt_tfod raw=True confidence=0.910 class_id=1 center=(146.7,145.7) error_x=-0.041 bbox=[118.65806579589844, 89.41867589950562, 174.80051040649414, 201.91031455993652]
[align] can_near step=15 error_x=-0.041
[base] stop
[align] can_near centered
[fsm] -> PICKING
[pickup] waiting 2.00s after can alignment before arm sequence
[state] PICKUP
[arm] pose arm_down
[arm] arm_down servo=5 angle=0 speed=85
[arm] arm_down servo=4 angle=0 speed=85
[arm] arm_down servo=3 angle=45 speed=85
[arm] arm_down servo=2 angle=105 speed=85
[arm] arm_down servo=1 angle=-16 speed=85
[arm-position] arm_down waiting for motion to settle servos=[1, 2, 3, 4, 5] stability_delta=3 min_wait=0.5 timeout=10.0 stable_samples=2
[arm-position] arm_down waiting positions={1: 441, 2: 613, 3: 641, 4: 459, 5: 510} movement={} read_errors=[]
[arm-position] arm_down waiting positions={1: 441, 2: 627, 3: 656, 4: 459, 5: 510} movement={1: 0, 2: 14, 3: 15, 4: 0, 5: 0} read_errors=[]
[arm-position] arm_down waiting positions={1: 441, 2: 642, 3: 669, 4: 459, 5: 510} movement={1: 0, 2: 15, 3: 13, 4: 0, 5: 0} read_errors=[]
[arm-position] arm_down waiting positions={1: 441, 2: 657, 3: 683, 4: 459, 5: 510} movement={1: 0, 2: 15, 3: 14, 4: 0, 5: 0} read_errors=[]
[arm-position] arm_down waiting positions={1: 441, 2: 670, 3: 695, 4: 459, 5: 510} movement={1: 0, 2: 13, 3: 12, 4: 0, 5: 0} read_errors=[]
[arm-position] arm_down waiting positions={1: 441, 2: 683, 3: 709, 4: 459, 5: 510} movement={1: 0, 2: 13, 3: 14, 4: 0, 5: 0} read_errors=[]
[arm-position] arm_down waiting positions={1: 441, 2: 697, 3: 717, 4: 459, 5: 510} movement={1: 0, 2: 14, 3: 8, 4: 0, 5: 0} read_errors=[]
[arm-position] arm_down waiting positions={1: 441, 2: 711, 3: 717, 4: 459, 5: 510} movement={1: 0, 2: 14, 3: 0, 4: 0, 5: 0} read_errors=[]
[arm-position] arm_down waiting positions={1: 441, 2: 725, 3: 717, 4: 459, 5: 510} movement={1: 0, 2: 14, 3: 0, 4: 0, 5: 0} read_errors=[]
[arm-position] arm_down waiting positions={1: 441, 2: 738, 3: 717, 4: 459, 5: 510} movement={1: 0, 2: 13, 3: 0, 4: 0, 5: 0} read_errors=[]
[arm-position] arm_down waiting positions={1: 441, 2: 752, 3: 717, 4: 459, 5: 510} movement={1: 0, 2: 14, 3: 0, 4: 0, 5: 0} read_errors=[]
[arm-position] arm_down waiting positions={1: 441, 2: 765, 3: 717, 4: 459, 5: 510} movement={1: 0, 2: 13, 3: 0, 4: 0, 5: 0} read_errors=[]
[arm-position] arm_down waiting positions={1: 441, 2: 778, 3: 717, 4: 459, 5: 510} movement={1: 0, 2: 13, 3: 0, 4: 0, 5: 0} read_errors=[]
[arm-position] arm_down waiting positions={1: 441, 2: 795, 3: 717, 4: 459, 5: 510} movement={1: 0, 2: 17, 3: 0, 4: 0, 5: 0} read_errors=[]
[arm-position] arm_down waiting positions={1: 441, 2: 807, 3: 717, 4: 459, 5: 510} movement={1: 0, 2: 12, 3: 0, 4: 0, 5: 0} read_errors=[]
[arm-position] arm_down waiting positions={1: 441, 2: 820, 3: 717, 4: 459, 5: 510} movement={1: 0, 2: 13, 3: 0, 4: 0, 5: 0} read_errors=[]
[arm-position] arm_down waiting positions={1: 441, 2: 835, 3: 717, 4: 459, 5: 510} movement={1: 0, 2: 15, 3: 0, 4: 0, 5: 0} read_errors=[]
[arm-position] arm_down waiting positions={1: 441, 2: 846, 3: 717, 4: 459, 5: 510} movement={1: 0, 2: 11, 3: 0, 4: 0, 5: 0} read_errors=[]
[arm-position] arm_down waiting positions={1: 441, 2: 860, 3: 717, 4: 459, 5: 510} movement={1: 0, 2: 14, 3: 0, 4: 0, 5: 0} read_errors=[]
[arm-position] arm_down waiting positions={1: 441, 2: 875, 3: 716, 4: 459, 5: 510} movement={1: 0, 2: 15, 3: 1, 4: 0, 5: 0} read_errors=[]
[arm-position] arm_down waiting positions={1: 441, 2: 888, 3: 717, 4: 459, 5: 510} movement={1: 0, 2: 13, 3: 1, 4: 0, 5: 0} read_errors=[]
[arm-position] arm_down waiting positions={1: 441, 2: 902, 3: 717, 4: 459, 5: 510} movement={1: 0, 2: 14, 3: 0, 4: 0, 5: 0} read_errors=[]
[arm-position] arm_down waiting positions={1: 441, 2: 916, 3: 717, 4: 459, 5: 510} movement={1: 0, 2: 14, 3: 0, 4: 0, 5: 0} read_errors=[]
[arm-position] arm_down waiting positions={1: 441, 2: 928, 3: 717, 4: 459, 5: 510} movement={1: 0, 2: 12, 3: 0, 4: 0, 5: 0} read_errors=[]
[arm-position] arm_down waiting positions={1: 441, 2: 942, 3: 717, 4: 459, 5: 510} movement={1: 0, 2: 14, 3: 0, 4: 0, 5: 0} read_errors=[]
[arm-position] arm_down waiting positions={1: 441, 2: 955, 3: 717, 4: 459, 5: 510} movement={1: 0, 2: 13, 3: 0, 4: 0, 5: 0} read_errors=[]
[arm-position] arm_down waiting positions={1: 441, 2: 969, 3: 717, 4: 459, 5: 510} movement={1: 0, 2: 14, 3: 0, 4: 0, 5: 0} read_errors=[]
[arm-position] arm_down waiting positions={1: 441, 2: 982, 3: 717, 4: 459, 5: 510} movement={1: 0, 2: 13, 3: 0, 4: 0, 5: 0} read_errors=[]
[arm-position] arm_down waiting positions={1: 441, 2: 996, 3: 717, 4: 459, 5: 510} movement={1: 0, 2: 14, 3: 0, 4: 0, 5: 0} read_errors=[]
[arm-position] arm_down waiting positions={1: 441, 2: 1003, 3: 717, 4: 459, 5: 510} movement={1: 0, 2: 7, 3: 0, 4: 0, 5: 0} read_errors=[]
[arm-position] arm_down settled positions={1: 441, 2: 1003, 3: 717, 4: 459, 5: 510} movement={1: 0, 2: 0, 3: 0, 4: 0, 5: 0} elapsed=4.94s
[pickup] push_base_forward speed=0.1 seconds=7.0
[base] push_base_forward direction=forward speed=0.1 seconds=7.0
[pickup] post_push_arm_lock seconds=5.0; no arm commands before next state
[arm] pose grab
[arm] grab servo=5 angle=0 speed=85
[arm] grab servo=4 angle=-40 speed=85
[arm] grab servo=3 angle=45 speed=85
[arm] grab servo=2 angle=105 speed=85
[arm] grab servo=1 angle=-16 speed=85
[arm] pose carry
[arm] carry servo=5 angle=0 speed=85
[arm] carry servo=4 angle=-40 speed=85
[arm] carry servo=3 angle=45 speed=85
[arm] carry servo=2 angle=60 speed=85
[arm] carry servo=1 angle=-16 speed=85
[state] VERIFY_GRAB
[verify] verify_grab_enabled=False; carry pose reached, continuing to bin search
[fsm] -> VERIFY_GRAB
[fsm] -> SEARCH_BIN_TAG
[state] SEARCH_BIN_TAG
[tag] no detections
[base] bin_search_turn direction=left speed=0.25 seconds=0.12
[tag] no detections
[base] bin_search_turn direction=left speed=0.25 seconds=0.12
[tag] no detections
[base] bin_search_turn direction=left speed=0.25 seconds=0.12
[tag] no detections
[base] bin_search_turn direction=left speed=0.25 seconds=0.12
[tag] no detections
[base] bin_search_turn direction=left speed=0.25 seconds=0.12
[tag] no detections
[base] bin_search_turn direction=left speed=0.25 seconds=0.12
[tag] no detections
[base] bin_search_turn direction=left speed=0.25 seconds=0.12
[tag] no detections
[base] bin_search_turn direction=left speed=0.25 seconds=0.12
[tag] no detections
[base] bin_search_turn direction=left speed=0.25 seconds=0.12
[tag] no detections
[base] bin_search_turn direction=left speed=0.25 seconds=0.12
[tag] no detections
[base] bin_search_turn direction=left speed=0.25 seconds=0.12
[tag] no detections
[base] bin_search_turn direction=left speed=0.25 seconds=0.12
[tag] no detections
[base] bin_search_turn direction=left speed=0.25 seconds=0.12
[tag] no detections
[base] bin_search_turn direction=left speed=0.25 seconds=0.12
[tag] backend=pupil_apriltags id=0 center=(26.7,123.4) error_x=-0.416 height=15.5px height_norm=0.065 margin=14.30 distance=None
[base] stop
[fsm] -> ALIGN_BIN_TAG
[state] ALIGN_BIN_TAG
[align] bin_tag mode=target_direction tolerance=0.080 max_steps=400 turn_speed=0.150 pulse=0.800
[tag] no detections
[align] bin_tag step=1 not found
[tag] backend=pupil_apriltags id=0 center=(31.6,122.8) error_x=-0.401 height=14.8px height_norm=0.062 margin=21.92 distance=None
[align] bin_tag step=2 error_x=-0.401
[align] bin_tag target_side=left turn=left abs_error=0.401
[base] align_bin_tag direction=left speed=0.15 seconds=0.8
[tag] backend=pupil_apriltags id=0 center=(55.0,119.4) error_x=-0.328 height=14.2px height_norm=0.059 margin=21.56 distance=None
[align] bin_tag step=3 error_x=-0.328
[align] bin_tag target_side=left turn=left abs_error=0.328
[base] align_bin_tag direction=left speed=0.15 seconds=0.8
[tag] no detections
[align] bin_tag step=4 not found
[tag] backend=pupil_apriltags id=0 center=(86.4,115.6) error_x=-0.230 height=14.3px height_norm=0.059 margin=33.27 distance=None
[align] bin_tag step=5 error_x=-0.230
[align] bin_tag target_side=left turn=left abs_error=0.230
[base] align_bin_tag direction=left speed=0.15 seconds=0.8
[tag] no detections
[align] bin_tag step=6 not found
[tag] backend=pupil_apriltags id=0 center=(112.3,114.2) error_x=-0.149 height=13.2px height_norm=0.055 margin=30.17 distance=None
[align] bin_tag step=7 error_x=-0.149
[align] bin_tag target_side=left turn=left abs_error=0.149
[base] align_bin_tag direction=left speed=0.15 seconds=0.8
[tag] no detections
[align] bin_tag step=8 not found
[tag] backend=pupil_apriltags id=0 center=(139.0,113.1) error_x=-0.066 height=13.5px height_norm=0.056 margin=40.46 distance=None
[align] bin_tag step=9 error_x=-0.066
[base] stop
[align] bin_tag centered
[fsm] -> NAVIGATING_TO_BIN
[state] APPROACH_BIN
[approach:bin] mode=visual_size depth_scale=1.000 stop_depth=1.800 visual_metric=bbox_height_norm visual_stop=0.500 min_pulses=0 fixed_pulses=7 max_pulses=400 smooth_enabled=False smooth_trigger=2.200 center_depth=False
[tag] backend=pupil_apriltags id=0 center=(139.0,113.1) error_x=-0.066 height=13.5px height_norm=0.056 margin=40.90 distance=None
[approach:bin] pulse=0 tag_height_norm=0.056 threshold=0.500
[base] approach_bin direction=forward speed=0.5 seconds=0.18
[tag] backend=pupil_apriltags id=0 center=(138.9,113.4) error_x=-0.066 height=13.6px height_norm=0.057 margin=35.64 distance=None
[approach:bin] pulse=1 tag_height_norm=0.057 threshold=0.500
[base] approach_bin direction=forward speed=0.5 seconds=0.18
[tag] backend=pupil_apriltags id=0 center=(140.6,113.6) error_x=-0.061 height=13.9px height_norm=0.058 margin=41.78 distance=None
[approach:bin] pulse=2 tag_height_norm=0.058 threshold=0.500
[base] approach_bin direction=forward speed=0.5 seconds=0.18
[tag] backend=pupil_apriltags id=0 center=(141.2,113.5) error_x=-0.059 height=14.0px height_norm=0.058 margin=41.31 distance=None
[approach:bin] pulse=3 tag_height_norm=0.058 threshold=0.500
[base] approach_bin direction=forward speed=0.5 seconds=0.18
[tag] backend=pupil_apriltags id=0 center=(142.0,114.7) error_x=-0.056 height=14.6px height_norm=0.061 margin=38.80 distance=None
[approach:bin] pulse=4 tag_height_norm=0.061 threshold=0.500
[base] approach_bin direction=forward speed=0.5 seconds=0.18
[tag] backend=pupil_apriltags id=0 center=(143.6,114.8) error_x=-0.051 height=15.3px height_norm=0.064 margin=41.64 distance=None
[approach:bin] pulse=5 tag_height_norm=0.064 threshold=0.500
[base] approach_bin direction=forward speed=0.5 seconds=0.18
[tag] backend=pupil_apriltags id=0 center=(144.6,114.7) error_x=-0.048 height=15.0px height_norm=0.063 margin=43.89 distance=None
[approach:bin] pulse=6 tag_height_norm=0.063 threshold=0.500
[base] approach_bin direction=forward speed=0.5 seconds=0.18
[tag] backend=pupil_apriltags id=0 center=(145.3,115.4) error_x=-0.046 height=15.6px height_norm=0.065 margin=45.64 distance=None
[approach:bin] pulse=7 tag_height_norm=0.065 threshold=0.500
[base] approach_bin direction=forward speed=0.5 seconds=0.18
[tag] backend=pupil_apriltags id=0 center=(145.0,115.6) error_x=-0.047 height=16.9px height_norm=0.070 margin=44.91 distance=None
[approach:bin] pulse=8 tag_height_norm=0.070 threshold=0.500
[base] approach_bin direction=forward speed=0.5 seconds=0.18
[tag] backend=pupil_apriltags id=0 center=(146.4,115.7) error_x=-0.043 height=17.3px height_norm=0.072 margin=46.35 distance=None
[approach:bin] pulse=9 tag_height_norm=0.072 threshold=0.500
[base] approach_bin direction=forward speed=0.5 seconds=0.18
[tag] backend=pupil_apriltags id=0 center=(145.5,115.2) error_x=-0.045 height=18.3px height_norm=0.076 margin=47.33 distance=None
[approach:bin] pulse=10 tag_height_norm=0.076 threshold=0.500
[base] approach_bin direction=forward speed=0.5 seconds=0.18
[tag] backend=pupil_apriltags id=0 center=(145.8,115.0) error_x=-0.044 height=18.8px height_norm=0.078 margin=49.41 distance=None
[approach:bin] pulse=11 tag_height_norm=0.078 threshold=0.500
[base] approach_bin direction=forward speed=0.5 seconds=0.18
[tag] backend=pupil_apriltags id=0 center=(146.8,115.0) error_x=-0.041 height=18.9px height_norm=0.079 margin=50.89 distance=None
[approach:bin] pulse=12 tag_height_norm=0.079 threshold=0.500
[base] approach_bin direction=forward speed=0.5 seconds=0.18
[tag] backend=pupil_apriltags id=0 center=(147.4,115.4) error_x=-0.039 height=19.7px height_norm=0.082 margin=49.31 distance=None
[approach:bin] pulse=13 tag_height_norm=0.082 threshold=0.500
[base] approach_bin direction=forward speed=0.5 seconds=0.18
[tag] backend=pupil_apriltags id=0 center=(148.2,115.8) error_x=-0.037 height=20.6px height_norm=0.086 margin=47.08 distance=None
[approach:bin] pulse=14 tag_height_norm=0.086 threshold=0.500
[base] approach_bin direction=forward speed=0.5 seconds=0.18
[tag] backend=pupil_apriltags id=0 center=(149.0,116.4) error_x=-0.034 height=21.6px height_norm=0.090 margin=49.13 distance=None
[approach:bin] pulse=15 tag_height_norm=0.090 threshold=0.500
[base] approach_bin direction=forward speed=0.5 seconds=0.18
[tag] backend=pupil_apriltags id=0 center=(149.0,116.9) error_x=-0.034 height=22.9px height_norm=0.095 margin=48.18 distance=None
[approach:bin] pulse=16 tag_height_norm=0.095 threshold=0.500
[base] approach_bin direction=forward speed=0.5 seconds=0.18
[tag] backend=pupil_apriltags id=0 center=(149.5,118.0) error_x=-0.033 height=24.1px height_norm=0.101 margin=48.62 distance=None
[approach:bin] pulse=17 tag_height_norm=0.101 threshold=0.500
[base] approach_bin direction=forward speed=0.5 seconds=0.18
[tag] backend=pupil_apriltags id=0 center=(149.5,118.0) error_x=-0.033 height=25.3px height_norm=0.105 margin=48.48 distance=None
[approach:bin] pulse=18 tag_height_norm=0.105 threshold=0.500
[base] approach_bin direction=forward speed=0.5 seconds=0.18
[tag] backend=pupil_apriltags id=0 center=(150.0,118.7) error_x=-0.031 height=26.9px height_norm=0.112 margin=48.23 distance=None
[approach:bin] pulse=19 tag_height_norm=0.112 threshold=0.500
[base] approach_bin direction=forward speed=0.5 seconds=0.18
[tag] backend=pupil_apriltags id=0 center=(151.1,119.6) error_x=-0.028 height=28.3px height_norm=0.118 margin=47.86 distance=None
[approach:bin] pulse=20 tag_height_norm=0.118 threshold=0.500
[base] approach_bin direction=forward speed=0.5 seconds=0.18
[tag] backend=pupil_apriltags id=0 center=(151.8,120.0) error_x=-0.026 height=29.7px height_norm=0.124 margin=49.01 distance=None
[approach:bin] pulse=21 tag_height_norm=0.124 threshold=0.500
[base] approach_bin direction=forward speed=0.5 seconds=0.18
[tag] backend=pupil_apriltags id=0 center=(151.6,119.6) error_x=-0.026 height=32.2px height_norm=0.134 margin=49.39 distance=None
[approach:bin] pulse=22 tag_height_norm=0.134 threshold=0.500
[base] approach_bin direction=forward speed=0.5 seconds=0.18
[tag] backend=pupil_apriltags id=0 center=(152.1,120.6) error_x=-0.025 height=34.2px height_norm=0.142 margin=49.48 distance=None
[approach:bin] pulse=23 tag_height_norm=0.142 threshold=0.500
[base] approach_bin direction=forward speed=0.5 seconds=0.18
[tag] backend=pupil_apriltags id=0 center=(153.7,121.3) error_x=-0.020 height=36.6px height_norm=0.152 margin=48.92 distance=None
[approach:bin] pulse=24 tag_height_norm=0.152 threshold=0.500
[base] approach_bin direction=forward speed=0.5 seconds=0.18
[tag] backend=pupil_apriltags id=0 center=(155.5,122.3) error_x=-0.014 height=39.9px height_norm=0.166 margin=48.78 distance=None
[approach:bin] pulse=25 tag_height_norm=0.166 threshold=0.500
[base] approach_bin direction=forward speed=0.5 seconds=0.18
[tag] backend=pupil_apriltags id=0 center=(156.1,123.6) error_x=-0.012 height=43.7px height_norm=0.182 margin=47.78 distance=None
[approach:bin] pulse=26 tag_height_norm=0.182 threshold=0.500
[base] approach_bin direction=forward speed=0.5 seconds=0.18
[tag] backend=pupil_apriltags id=0 center=(157.3,125.2) error_x=-0.009 height=47.4px height_norm=0.197 margin=49.42 distance=None
[approach:bin] pulse=27 tag_height_norm=0.197 threshold=0.500
[base] approach_bin direction=forward speed=0.5 seconds=0.18
[tag] backend=pupil_apriltags id=0 center=(158.3,127.9) error_x=-0.005 height=53.6px height_norm=0.223 margin=50.78 distance=None
[approach:bin] pulse=28 tag_height_norm=0.223 threshold=0.500
[base] approach_bin direction=forward speed=0.5 seconds=0.18
[tag] backend=pupil_apriltags id=0 center=(159.7,130.8) error_x=-0.001 height=59.3px height_norm=0.247 margin=50.93 distance=None
[approach:bin] pulse=29 tag_height_norm=0.247 threshold=0.500
[base] approach_bin direction=forward speed=0.5 seconds=0.18
[tag] backend=pupil_apriltags id=0 center=(160.7,133.8) error_x=0.002 height=67.2px height_norm=0.280 margin=49.84 distance=None
[approach:bin] pulse=30 tag_height_norm=0.280 threshold=0.500
[base] approach_bin direction=forward speed=0.5 seconds=0.18
[tag] backend=pupil_apriltags id=0 center=(162.4,138.2) error_x=0.008 height=79.8px height_norm=0.332 margin=50.60 distance=None
[approach:bin] pulse=31 tag_height_norm=0.332 threshold=0.500
[base] approach_bin direction=forward speed=0.5 seconds=0.18
[tag] backend=pupil_apriltags id=0 center=(165.8,143.2) error_x=0.018 height=93.3px height_norm=0.389 margin=54.05 distance=None
[approach:bin] pulse=32 tag_height_norm=0.389 threshold=0.500
[base] approach_bin direction=forward speed=0.5 seconds=0.18
[tag] backend=pupil_apriltags id=0 center=(168.7,149.2) error_x=0.027 height=111.2px height_norm=0.463 margin=53.87 distance=None
[approach:bin] pulse=33 tag_height_norm=0.463 threshold=0.500
[base] approach_bin direction=forward speed=0.5 seconds=0.18
[tag] backend=pupil_apriltags id=0 center=(174.4,160.2) error_x=0.045 height=141.6px height_norm=0.590 margin=52.18 distance=None
[approach:bin] pulse=34 tag_height_norm=0.590 threshold=0.500
[base] stop
[approach:bin] visual-size stop reached pulses=34 tag_height_norm=0.590 threshold=0.500
[fsm] -> DROPPING
[state] DROP
[arm] pose release
[arm] release servo=5 angle=0 speed=85
[arm] release servo=4 angle=0 speed=85
[arm] release servo=3 angle=45 speed=85
[arm] release servo=2 angle=60 speed=85
[arm] release servo=1 angle=-16 speed=85
[arm] pose safe_home
[arm] safe_home servo=5 angle=0 speed=85
[arm] safe_home servo=4 angle=0 speed=85
[arm] safe_home servo=3 angle=0 speed=85
[arm] safe_home servo=2 angle=0 speed=85
[arm] safe_home servo=1 angle=-16 speed=85
[fsm] -> DONE
[flow] demo complete
[flow] cleanup
[fsm] stop_all
[base] stop
[arm] pose safe_home
[arm] safe_home servo=5 angle=0 speed=85
[arm] safe_home servo=4 angle=0 speed=85
[arm] safe_home servo=3 angle=0 speed=85
[arm] safe_home servo=2 angle=0 speed=85
[arm] safe_home servo=1 angle=-16 speed=85
[base] stop
[camera] camera-only stopped
[depth] stop
[result] True
[json-runner-log] SUCCESS elapsed=73.8s file=logs/json_runner_run_full_demo_clean_20260826_043819.log
